

 Modellname       : GITTER
 KE-LINK-LISTE:
 ******************

Nr.  ID     Name                                 Typ             Unterdrück- RegenStatus             

0001 000001 BASIS                                KOORDINATENSYST             Regeneriert                  
0002 000004 RECHTS                               BEZUGSEBENE                 Regeneriert                  
0003 000007 OBEN                                 BEZUGSEBENE                 Regeneriert                  
0004 000009 VORNE                                BEZUGSEBENE                 Regeneriert                  
0005 000142 A_X                                  BEZUGSACHSE                 Regeneriert                  
0006 000146 A_Y                                  BEZUGSACHSE                 Regeneriert                  
0007 000150 A_Z                                  BEZUGSACHSE                 Regeneriert                  
0008 000154                                      KÖRPER                      Regeneriert                  
0009 000223                                      MUSTER                      Regeneriert                  
0010 000181                                      MATERIALSCHNITT             Regeneriert                  
0011 000224                                      MATERIALSCHNITT             Regeneriert                  
0012 000225                                      MATERIALSCHNITT             Regeneriert                  
0013 000226                                      MATERIALSCHNITT             Regeneriert                  
0014 000227                                      MATERIALSCHNITT             Regeneriert                  
0015 000228                                      MATERIALSCHNITT             Regeneriert                  
0016 000229                                      MATERIALSCHNITT             Regeneriert                  
0017 000230                                      MATERIALSCHNITT             Regeneriert                  
0018 000231                                      MATERIALSCHNITT             Regeneriert                  
0019 000232                                      MATERIALSCHNITT             Regeneriert                  
0020 000233                                      MATERIALSCHNITT             Regeneriert                  
0021 000234                                      MATERIALSCHNITT             Regeneriert                  
0022 000235                                      MATERIALSCHNITT             Regeneriert                  
0023 000236                                      MATERIALSCHNITT             Regeneriert                  
0024 000237                                      MATERIALSCHNITT             Regeneriert                  
0025 000238                                      MATERIALSCHNITT             Regeneriert                  
0026 000239                                      MATERIALSCHNITT             Regeneriert                  
0027 000240                                      MATERIALSCHNITT             Regeneriert                  
0028 000241                                      MATERIALSCHNITT             Regeneriert                  
0029 000242                                      MATERIALSCHNITT             Regeneriert                  
0030 000243                                      MATERIALSCHNITT             Regeneriert                  
0031 000244                                      MATERIALSCHNITT             Regeneriert                  
0032 000245                                      MATERIALSCHNITT             Regeneriert                  
0033 000246                                      MATERIALSCHNITT             Regeneriert                  
0034 000247                                      MATERIALSCHNITT             Regeneriert                  
0035 000248                                      MATERIALSCHNITT             Regeneriert                  
0036 000249                                      MATERIALSCHNITT             Regeneriert                  
0037 000250                                      MATERIALSCHNITT             Regeneriert                  
0038 000251                                      MATERIALSCHNITT             Regeneriert                  
0039 000252                                      MATERIALSCHNITT             Regeneriert                  
0040 000253                                      MATERIALSCHNITT             Regeneriert                  
0041 000254                                      MATERIALSCHNITT             Regeneriert                  
0042 000255                                      MATERIALSCHNITT             Regeneriert                  
0043 000256                                      MATERIALSCHNITT             Regeneriert                  
0044 000257                                      MATERIALSCHNITT             Regeneriert                  
0045 000258                                      MATERIALSCHNITT             Regeneriert                  
0046 000259                                      MATERIALSCHNITT             Regeneriert                  
0047 000260                                      MATERIALSCHNITT             Regeneriert                  
0048 000261                                      MATERIALSCHNITT             Regeneriert                  
0049 000262                                      MATERIALSCHNITT             Regeneriert                  
0050 000263                                      MATERIALSCHNITT             Regeneriert                  
0051 000264                                      MATERIALSCHNITT             Regeneriert                  
0052 000265                                      MATERIALSCHNITT             Regeneriert                  
0053 000266                                      MATERIALSCHNITT             Regeneriert                  
0054 000267                                      MATERIALSCHNITT             Regeneriert                  
0055 000268                                      MATERIALSCHNITT             Regeneriert                  
0056 000269                                      MATERIALSCHNITT             Regeneriert                  
0057 000270                                      MATERIALSCHNITT             Regeneriert                  
0058 000271                                      MATERIALSCHNITT             Regeneriert                  
0059 000272                                      MATERIALSCHNITT             Regeneriert                  
0060 000273                                      MATERIALSCHNITT             Regeneriert                  
0061 000274                                      MATERIALSCHNITT             Regeneriert                  
0062 000275                                      MATERIALSCHNITT             Regeneriert                  
0063 000276                                      MATERIALSCHNITT             Regeneriert                  
0064 000277                                      MATERIALSCHNITT             Regeneriert                  
0065 000278                                      MATERIALSCHNITT             Regeneriert                  
0066 000279                                      MATERIALSCHNITT             Regeneriert                  
0067 000280                                      MATERIALSCHNITT             Regeneriert                  
0068 000281                                      MATERIALSCHNITT             Regeneriert                  
0069 000282                                      MATERIALSCHNITT             Regeneriert                  
0070 000283                                      MATERIALSCHNITT             Regeneriert                  
0071 000284                                      MATERIALSCHNITT             Regeneriert                  
0072 000285                                      MATERIALSCHNITT             Regeneriert                  
0073 000286                                      MATERIALSCHNITT             Regeneriert                  
0074 000287                                      MATERIALSCHNITT             Regeneriert                  
0075 000288                                      MATERIALSCHNITT             Regeneriert                  
0076 000289                                      MATERIALSCHNITT             Regeneriert                  
0077 000290                                      MATERIALSCHNITT             Regeneriert                  
0078 000291                                      MATERIALSCHNITT             Regeneriert                  
0079 000292                                      MATERIALSCHNITT             Regeneriert                  
0080 000293                                      MATERIALSCHNITT             Regeneriert                  
0081 000294                                      MATERIALSCHNITT             Regeneriert                  
0082 000295                                      MATERIALSCHNITT             Regeneriert                  
0083 000296                                      MATERIALSCHNITT             Regeneriert                  
0084 000297                                      MATERIALSCHNITT             Regeneriert                  
0085 000298                                      MATERIALSCHNITT             Regeneriert                  
0086 000299                                      MATERIALSCHNITT             Regeneriert                  
0087 000300                                      MATERIALSCHNITT             Regeneriert                  
0088 000301                                      MATERIALSCHNITT             Regeneriert                  
0089 000302                                      MATERIALSCHNITT             Regeneriert                  
0090 000303                                      MATERIALSCHNITT             Regeneriert                  
0091 000304                                      MATERIALSCHNITT             Regeneriert                  
0092 000305                                      MATERIALSCHNITT             Regeneriert                  
0093 000306                                      MATERIALSCHNITT             Regeneriert                  
0094 000307                                      MATERIALSCHNITT             Regeneriert                  
0095 000308                                      MATERIALSCHNITT             Regeneriert                  
0096 000309                                      MATERIALSCHNITT             Regeneriert                  
0097 000310                                      MATERIALSCHNITT             Regeneriert                  
0098 000311                                      MATERIALSCHNITT             Regeneriert                  
0099 000312                                      MATERIALSCHNITT             Regeneriert                  
0100 000313                                      MATERIALSCHNITT             Regeneriert                  
0101 000314                                      MATERIALSCHNITT             Regeneriert                  
0102 000315                                      MATERIALSCHNITT             Regeneriert                  
0103 000316                                      MATERIALSCHNITT             Regeneriert                  
0104 000317                                      MATERIALSCHNITT             Regeneriert                  
0105 000318                                      MATERIALSCHNITT             Regeneriert                  
0106 000319                                      MATERIALSCHNITT             Regeneriert                  
0107 000320                                      MATERIALSCHNITT             Regeneriert                  
0108 000321                                      MATERIALSCHNITT             Regeneriert                  
0109 000322                                      MATERIALSCHNITT             Regeneriert                  
0110 000323                                      MATERIALSCHNITT             Regeneriert                  
0111 000324                                      MATERIALSCHNITT             Regeneriert                  
0112 000325                                      MATERIALSCHNITT             Regeneriert                  
0113 000326                                      MATERIALSCHNITT             Regeneriert                  
0114 000327                                      MATERIALSCHNITT             Regeneriert                  
0115 000328                                      MATERIALSCHNITT             Regeneriert                  
0116 000329                                      MATERIALSCHNITT             Regeneriert                  
0117 000330                                      MATERIALSCHNITT             Regeneriert                  
0118 000331                                      MATERIALSCHNITT             Regeneriert                  
0119 000332                                      MATERIALSCHNITT             Regeneriert                  
0120 000333                                      MATERIALSCHNITT             Regeneriert                  
0121 000334                                      MATERIALSCHNITT             Regeneriert                  
0122 000335                                      MATERIALSCHNITT             Regeneriert                  
0123 000336                                      MATERIALSCHNITT             Regeneriert                  
0124 000337                                      MATERIALSCHNITT             Regeneriert                  
0125 000338                                      MATERIALSCHNITT             Regeneriert                  
0126 000339                                      MATERIALSCHNITT             Regeneriert                  
0127 000340                                      MATERIALSCHNITT             Regeneriert                  
0128 000341                                      MATERIALSCHNITT             Regeneriert                  
0129 000342                                      MATERIALSCHNITT             Regeneriert                  
0130 000343                                      MATERIALSCHNITT             Regeneriert                  
0131 000344                                      MATERIALSCHNITT             Regeneriert                  
0132 000345                                      MATERIALSCHNITT             Regeneriert                  
0133 000346                                      MATERIALSCHNITT             Regeneriert                  
0134 000347                                      MATERIALSCHNITT             Regeneriert                  
0135 000348                                      MATERIALSCHNITT             Regeneriert                  
0136 000349                                      MATERIALSCHNITT             Regeneriert                  
0137 000350                                      MATERIALSCHNITT             Regeneriert                  
0138 000351                                      MATERIALSCHNITT             Regeneriert                  
0139 000352                                      MATERIALSCHNITT             Regeneriert                  
0140 000353                                      MATERIALSCHNITT             Regeneriert                  
0141 000354                                      MATERIALSCHNITT             Regeneriert                  
0142 000355                                      MATERIALSCHNITT             Regeneriert                  
0143 000356                                      MATERIALSCHNITT             Regeneriert                  
0144 000357                                      MATERIALSCHNITT             Regeneriert                  
0145 000358                                      MATERIALSCHNITT             Regeneriert                  
0146 000359                                      MATERIALSCHNITT             Regeneriert                  
0147 000360                                      MATERIALSCHNITT             Regeneriert                  
0148 000361                                      MATERIALSCHNITT             Regeneriert                  
0149 000362                                      MATERIALSCHNITT             Regeneriert                  
0150 000363                                      MATERIALSCHNITT             Regeneriert                  
0151 000364                                      MATERIALSCHNITT             Regeneriert                  
0152 000365                                      MATERIALSCHNITT             Regeneriert                  
0153 000366                                      MATERIALSCHNITT             Regeneriert                  
0154 000367                                      MATERIALSCHNITT             Regeneriert                  
0155 000368                                      MATERIALSCHNITT             Regeneriert                  
0156 000369                                      MATERIALSCHNITT             Regeneriert                  
0157 000370                                      MATERIALSCHNITT             Regeneriert                  
0158 000371                                      MATERIALSCHNITT             Regeneriert                  
0159 000372                                      MATERIALSCHNITT             Regeneriert                  
0160 000373                                      MATERIALSCHNITT             Regeneriert                  
0161 000374                                      MATERIALSCHNITT             Regeneriert                  
0162 000375                                      MATERIALSCHNITT             Regeneriert                  
0163 006376                                      Auswechseln                 Regeneriert                  
0164 006389                                      Auswechseln                 Regeneriert                  
0165 006403                                      VERSATZGEOMETRI             Regeneriert                  
0166 007595                                      MATERIALSCHNITT             Regeneriert                  
0167 007811                                      MATERIALSCHNITT             Regeneriert                  
0168 008481                                      MUSTER                      Regeneriert                  
0169 008195                                      MATERIALSCHNITT             Regeneriert                  
0170 008482                                      MATERIALSCHNITT             Regeneriert                  
0171 008483                                      MATERIALSCHNITT             Regeneriert                  
0172 008484                                      MATERIALSCHNITT             Regeneriert                  
0173 008485                                      MATERIALSCHNITT             Regeneriert                  
0174 008486                                      MATERIALSCHNITT             Regeneriert                  
0175 008487                                      MATERIALSCHNITT             Regeneriert                  
0176 008488                                      MATERIALSCHNITT             Regeneriert                  
0177 010470                                      GRUPPENKOPF                 Regeneriert                  
0178 010471                                      Mitglied                    Regeneriert                  
0179 010472                                      Mitglied                    Regeneriert                  
0180 016179                                      GRUPPENKOPF                 Regeneriert                  
0181 016180                                      Mitglied                    Regeneriert                  
0182 016181                                      Mitglied                    Regeneriert                  

LISTE DER FUSSZEILEN-KE-LINKS:
0183 027204                                      PUBLIZIERTE GEO             Regeneriert                  

